// Jest Snapshot v1, https://goo.gl/fbAQLP

exports[`DonateEthereum renders correctly 1`] = `
.c0 {
  height: 26px;
  width: 26px;
}

<a
  href="https://etherscan.io/address/0x25a51b3A7163352D4f32D0ED4a012b73fc32C08a"
  rel="noopener noreferrer"
  target="_blank"
>
  <img
    alt="Donate Ethereum"
    className="c0"
    src="test-file-stub"
    title="cryptoscamdb.eth"
  />
</a>
`;
