// Jest Snapshot v1, https://goo.gl/fbAQLP

exports[`DonateEthereum renders correctly 1`] = `
.c0 {
  height: 26px;
  width: 26px;
}

<a
  href="https://etherscan.io/address/0x7030B43E821BA34124915bA65B90Dbda7a9E7d09"
  rel="noopener noreferrer"
  target="_blank"
>
  <img
    alt="Donate Ethereum"
    className="c0"
    src="test-file-stub"
    title="cryptoscamdb.eth"
  />
</a>
`;
